<div>
  Host app
</div>
<div
  data-src="missing"
  id="GENERATED-0"
>
  <noscript
    id="GENERATED-1"
  />
</div>
<div
  data-from="test"
  data-slot="slot_1"
  id="GENERATED-2"
>
  Slot_1 Error: Not Found
</div>
<div
  data-from="test"
  data-slot="slot_2"
  id="GENERATED-3"
>
  <script>
    document.getElementById("s0-10-0").textContent=""
  </script>
</div>