<div>
  Host app
</div>
<div
  data-src="missing"
  id="GENERATED-0"
/>
<div
  data-from="test"
  data-slot="slot_1"
  id="GENERATED-1"
>
  Slot_1 Error: Not Found
</div>
<div
  data-from="test"
  data-slot="slot_2"
  id="GENERATED-2"
>
  Slot_2 Error: Not Found
</div>
<div
  id="GENERATED-3"
  style="display:none"
/>
<script>
  function $af(d,a,e,l,g,h,k,b,f,c){c=$af;if(a&&!c[a])(c[a+="$"]||(c[a]=[])).push(d);else{e=document;l=e.getElementById("af"+d);g=e.getElementById("afph"+d);h=e.createDocumentFragment();k=l.childNodes;b=0;for(f=k.length;b&lt;f;b++)h.appendChild(k.item(0));g&&g.parentNode.replaceChild(h,g);c[d]=1;if(a=c[d+"$"])for(b=0,f=a.length;b&lt;f;b++)c(a[b])}};$af(0)
</script>