<div>
  Host app
</div>
<div
  data-src="embed"
  id="GENERATED-0"
>
  <noscript
    id="GENERATED-1"
  />
</div>
<div
  class="test"
  data-from="test"
  data-slot="slot_1"
  id="GENERATED-2"
  style="display:block;margin-right:16px"
>
  <p>
    test_html for slot_1
  </p>
</div>