<div>
  Host app
</div>
<div
  data-src="embed"
  id="GENERATED-0"
>
  <noscript
    id="GENERATED-1"
  />
</div>
<div
  data-from="test"
  data-slot="slot_1"
  id="GENERATED-2"
>
  Timed out after 1000ms
</div>
<div
  data-from="test"
  data-slot="slot_2"
  id="GENERATED-3"
>
  <p>
    test_html for slot_2
  </p>
</div>