<div>
  Host app
</div>
<div
  data-src="embed"
  id="GENERATED-0"
>
  <noscript
    id="GENERATED-1"
  />
</div>
<div
  data-from="test"
  data-slot="slot_1"
  id="GENERATED-2"
>
  <p>
    test_html for slot_1
  </p>
  <script>
    (function(e){if(e)e.textContent=""})(document.getElementById("s0-9-0"))
  </script>
</div>