<div>
  Host app
</div>
<noscript
  id="GENERATED-0"
/>
<div
  id="GENERATED-1"
  style="display:none"
/>
<div
  id="GENERATED-2"
  style="display:none"
>
  <div
    data-src="embed"
    id="GENERATED-3"
  >
    <noscript
      id="GENERATED-4"
    />
  </div>
  <div
    data-from="test"
    data-slot="slot_1"
    id="GENERATED-5"
  >
    Could not get request from stream/global. Please assign out.global.req with proper request object.
  </div>
  <div
    data-from="test"
    data-slot="slot_2"
    id="GENERATED-6"
  >
    <script>
      (function(e){if(e)e.textContent=""})(document.getElementById("s0-11-0"))
    </script>
  </div>
</div>