<div>
  Host app
</div>
<noscript
  id="GENERATED-0"
/>
<div
  id="GENERATED-1"
  style="display:none"
/>
<div
  id="GENERATED-2"
  style="display:none"
>
  <div
    data-src="embed"
    id="GENERATED-3"
  >
    <noscript
      id="GENERATED-4"
    />
  </div>
  <div
    data-from="test"
    data-slot="slot_1"
    id="GENERATED-5"
  >
    Could not get request from stream/global. Please assign out.global.req with proper request object.
  </div>
  <div
    data-from="test"
    data-slot="slot_2"
    id="GENERATED-6"
  />
</div>
<script>
  function $af(d,a,e,l,g,h,k,b,f,c){c=$af;if(a&&!c[a])(c[a+="$"]||(c[a]=[])).push(d);else{e=document;l=e.getElementById("af"+d);g=e.getElementById("afph"+d);h=e.createDocumentFragment();k=l.childNodes;b=0;for(f=k.length;b&lt;f;b++)h.appendChild(k.item(0));g&&g.parentNode.replaceChild(h,g);c[d]=1;if(a=c[d+"$"])for(b=0,f=a.length;b&lt;f;b++)c(a[b])}};$af(1);$af(0)
</script>