<div>
  Host app
</div>
<noscript
  id="GENERATED-0"
/>
<div
  id="GENERATED-1"
  style="display:none"
/>
<div
  id="GENERATED-2"
  style="display:none"
>
  <div
    data-src="embed"
    id="GENERATED-3"
  >
    <noscript
      id="GENERATED-4"
    />
  </div>
  <div
    data-from="test"
    data-slot="slot_1"
    id="GENERATED-5"
  />
</div>