<div>
  Host app
</div>
<div>
  mounted: false
</div>
<div
  data-src="embed"
  id="GENERATED-0"
>
  <div>
    <div
      hacks=""
    />
  </div>
</div>
<script>
  $ssr_then_csr_with_flush_index_C=(window.$ssr_then_csr_with_flush_index_C||[]).concat({"l":1,"w":[["s0-8",0,{},{"f":1}]],"t":["o4cI23nl"]})
</script>