<div>
  Host app
</div>
<div>
  mounted: false
</div>
<div
  data-src="embed"
  id="GENERATED-0"
>
  <div>
    <div
      hacks=""
    />
  </div>
</div>