<div>
  Host app
</div>
<div
  data-src="embed"
  id="GENERATED-0"
>
  <span
    id="GENERATED-1"
  >
    Loading...
  </span>
</div>
<div>
  Host footer
</div>
<div
  id="GENERATED-2"
  style="display:none"
>
  <div>
    <h1>
      Hello
    </h1>
    <h2>
      World
    </h2>
  </div>
</div>
<script>
  function $af(d,a,e,l,g,h,k,b,f,c){c=$af;if(a&&!c[a])(c[a+="$"]||(c[a]=[])).push(d);else{e=document;l=e.getElementById("af"+d);g=e.getElementById("afph"+d);h=e.createDocumentFragment();k=l.childNodes;b=0;for(f=k.length;b&lt;f;b++)h.appendChild(k.item(0));g&&g.parentNode.replaceChild(h,g);c[d]=1;if(a=c[d+"$"])for(b=0,f=a.length;b&lt;f;b++)c(a[b])}};$af(0)
</script>