<div>
  Host app
</div>
<div
  data-src="embed"
  id="GENERATED-0"
>
  <span
    id="GENERATED-1"
  >
    Loading...
  </span>
</div>
<div>
  Host footer
</div>