<div>
  Host app
</div>
<div
  class="test"
  data-src="embed"
  id="GENERATED-0"
  style="display:block;margin-right:16px"
/>