<div>
  Host app
</div>
<div />
<div
  class="test"
  style="display:block;margin-right:16px"
>
  <p>
    test_html for slot_1
  </p>
  next chunk for slot_1
</div>
<div>
  <p>
    test_html for slot_2
  </p>
</div>
<div />
<div>
  <p>
    test_2_html for slot_1
  </p>
  next chunk for slot_1
</div>
<div>
  <p>
    test_2_html for slot_2
  </p>
</div>
<script>
  $csr_only_index_C=(window.$csr_only_index_C||[]).concat({"l":1,"w":[["s0-8",0,{},{"f":1}]],"t":["Gg9hlhVo"]})
</script>